============================= test session starts =============================
platform win32 -- Python 3.14.4, pytest-9.1.1, pluggy-1.6.0
rootdir: D:\pulseAIagent\pulseai-base
configfile: pytest.ini
plugins: anyio-4.14.2, langsmith-0.10.10, asyncio-1.4.0
asyncio: mode=Mode.STRICT, debug=False, asyncio_default_fixture_loop_scope=None, asyncio_default_test_loop_scope=function
collected 1142 items

src\tests\test_ambiguity.py ........                                     [  0%]
src\tests\test_attempt11_completion_integrity.py .....                   [  1%]
src\tests\test_attempt11_product_delivery_boundary.py ..........         [  2%]
src\tests\test_autonomous_runtime_contract.py .....F..                   [  2%]
src\tests\test_aux_model_routing.py ........                             [  3%]
src\tests\test_benchmark_contract.py .............                       [  4%]
src\tests\test_benchmark_evaluator.py .................................. [  7%]
....                                                                     [  7%]
src\tests\test_benchmark_fixtures.py .................................   [ 10%]
src\tests\test_benchmark_harness.py ........................             [ 12%]
src\tests\test_benchmark_harness_cdp.py .......                          [ 13%]
src\tests\test_benchmark_runner.py ..................                    [ 15%]
src\tests\test_bounded_scan.py ...........................               [ 17%]
src\tests\test_bridge.py ....................                            [ 19%]
src\tests\test_bridge_protocol_v2.py ........                            [ 19%]
src\tests\test_bridge_runtime_protocol.py ...                            [ 20%]
src\tests\test_bridge_transport.py ...........                           [ 21%]
src\tests\test_bridge_workspace_routing.py ...........                   [ 22%]
src\tests\test_cache_preservation.py .........                           [ 22%]
src\tests\test_cancellation_gates.py ..............................      [ 25%]
src\tests\test_chunk_index.py ..........................                 [ 27%]
src\tests\test_compaction.py .............                               [ 28%]
src\tests\test_context_budget.py ....................................... [ 32%]
.....                                                                    [ 32%]
src\tests\test_context_engine_parity.py ....................             [ 34%]
src\tests\test_dashboard_validation.py ..............                    [ 35%]
src\tests\test_degraded_memory.py ...                                    [ 35%]
src\tests\test_desktop_contrib_overlay.py ......                         [ 36%]
src\tests\test_desktop_renderer_architecture.py .F.F..F.                 [ 37%]
src\tests\test_desktop_sidecar_architecture.py .......                   [ 37%]
src\tests\test_desktop_workspace_boundary.py ..........                  [ 38%]
src\tests\test_detective_mode.py ..........                              [ 39%]
src\tests\test_edit_file.py .......s..                                   [ 40%]
src\tests\test_efficiency_receipts.py ..............                     [ 41%]
src\tests\test_embedding_cache.py ..........                             [ 42%]
src\tests\test_engine_smoke.py ............                              [ 43%]
src\tests\test_event_safety.py .....................                     [ 45%]
src\tests\test_execution_modes.py .....                                  [ 45%]
src\tests\test_execution_phases.py ........                              [ 46%]
src\tests\test_feedback_memory.py ..............                         [ 47%]
src\tests\test_file_state.py ..........                                  [ 48%]
src\tests\test_git_context.py ...................                        [ 50%]
src\tests\test_hermes_runtime_values.py .........F.                      [ 51%]
src\tests\test_history_shaper.py ..........                              [ 52%]
src\tests\test_host_capability_broker.py .....                           [ 52%]
src\tests\test_iteration_budget.py .........                             [ 53%]
src\tests\test_lab_fixes.py ............................................ [ 57%]
..........                                                               [ 58%]
src\tests\test_lang_extractors.py .......................                [ 60%]
src\tests\test_layer_policy.py ................                          [ 61%]
src\tests\test_loop_guards.py .....                                      [ 61%]
src\tests\test_model_budgets.py ..........................               [ 64%]
src\tests\test_output_limit_recovery.py ...                              [ 64%]
src\tests\test_parallel_tools.py ....................                    [ 66%]
src\tests\test_plan_constraint_validator.py ....                         [ 66%]
src\tests\test_plan_messages.py ..........                               [ 67%]
src\tests\test_progress_helpers.py .....................                 [ 69%]
src\tests\test_prompt_cache_audit.py .........                           [ 70%]
src\tests\test_prompt_guard.py ..................                        [ 71%]
src\tests\test_provider_preflight.py ...                                 [ 71%]
src\tests\test_ptc.py .............................                      [ 74%]
src\tests\test_pulseai_branding.py .............                         [ 75%]
src\tests\test_repo_map.py ...........                                   [ 76%]
src\tests\test_request_sanitizer.py .......                              [ 77%]
src\tests\test_retry_proxy.py ..........                                 [ 78%]
src\tests\test_retry_proxy_stream_cleanup.py ......                      [ 78%]
src\tests\test_review12.py .............                                 [ 79%]
src\tests\test_review12_reverify.py .....                                [ 80%]
src\tests\test_review_autopsy_fixes.py ..............                    [ 81%]
src\tests\test_run_bridge_turn.py ..                                     [ 81%]
src\tests\test_scaffold_layout_normalization.py .                        [ 81%]
src\tests\test_scaffold_tools.py ..                                      [ 81%]
src\tests\test_scope_artifact_gates.py .....                             [ 82%]
src\tests\test_self_curation.py ..........                               [ 83%]
src\tests\test_session_engines.py ............F.FFF..                    [ 84%]
src\tests\test_session_search.py ..................                      [ 86%]
src\tests\test_shadow_checkpoints.py .............                       [ 87%]
src\tests\test_skill_lifecycle.py ........                               [ 88%]
src\tests\test_smart_compressor.py ......                                [ 88%]
src\tests\test_sub_agent_batch.py ......                                 [ 89%]
src\tests\test_subagent_autodeny.py .......                              [ 89%]
src\tests\test_subagent_hygiene.py ....                                  [ 90%]
src\tests\test_subagent_lifecycle_service.py ...                         [ 90%]
src\tests\test_task_classifier_skip.py .[planner] plan generation failed; degrading to no-plan (GroqError: The api_key client option must be set either by passing api_key to the client or by setting the GROQ_API_KEY environment variable)
................................ [ 93%]
......................                                                   [ 95%]
src\tests\test_test5_guarded_script.py .....                             [ 95%]
src\tests\test_tool_crash_net.py ....                                    [ 96%]
src\tests\test_toolsets.py ..................                            [ 97%]
src\tests\test_ui_tool_catalog.py FF                                     [ 97%]
src\tests\test_vector_memory.py .....                                    [ 98%]
src\tests\test_volatile_tail.py .....                                    [ 98%]
src\tests\test_web_tools.py ........                                     [ 99%]
src\tests\test_workbench_capabilities.py ......                          [100%]

================================== FAILURES ===================================
E   AssertionError: assert ['system', 's...tem', 'human'] == ['system', 's...tem', 'human']
      
      At index 3 diff: 'system' != 'human'
      Left contains 2 more items, first extra item: 'system'
      Use -v to get more diff
---------------------------- Captured stdout call -----------------------------
[ContextEngine] context window 8,192 for 'sarvam-test' (source: default); token budget 4,096 (provider cap 6,000)
[tokenizer] unavailable (encoding_for_model('sarvam-test')): KeyError: 'Could not automatically map sarvam-test to a tokeniser. Please use `tiktoken.get_encoding` to explicitly get the tokeniser you expect.' ù degrading to ~chars/4 heuristic token counts (imprecise, never fatal). Install/populate the tiktoken cache (one online run) for exact counts.
D:\pulseAIagent\pulseai-base\src\tests\test_autonomous_runtime_contract.py:164: AssertionError: assert ['system', 's...tem', 'human'] == ['system', 's...tem', 'human']
E   AssertionError: assert 'Review change' in '/*---------------------------------------------------------------------------------------------\n * Framework-neutral...); }\n\t\t\t}\n\t\t},\n\t\tdispose(): void {\n\t\t\tdisposed = true;\n\t\t\troot.replaceChildren();\n\t\t},\n\t};\n}\n'
D:\pulseAIagent\pulseai-base\src\tests\test_desktop_renderer_architecture.py:58: AssertionError: assert 'Review change' in '/*---------------------------------------------------------------------------------------------\n * Framework-neutral...); }\n\t\t\t}\n\t\t},\n\t\tdispose(): void {\n\t\t\tdisposed = true;\n\t\t\troot.replaceChildren();\n\t\t},\n\t};\n}\n'
E   FileNotFoundError: [Errno 2] No such file or directory: 'D:\\pulseAIagent\\pulseai-base\\ui\\src\\runtime\\toolCatalog.ts'
C:\Users\Administrator\AppData\Roaming\uv\python\cpython-3.14-windows-x86_64-none\Lib\pathlib\__init__.py:771: FileNotFoundError: [Errno 2] No such file or directory: 'D:\\pulseAIagent\\pulseai-base\\ui\\src\\runtime\\toolCatalog.ts'
E   AssertionError: assert 'function emptyState' in '/*---------------------------------------------------------------------------------------------\n * Framework-neutral...); }\n\t\t\t}\n\t\t},\n\t\tdispose(): void {\n\t\t\tdisposed = true;\n\t\t\troot.replaceChildren();\n\t\t},\n\t};\n}\n'
D:\pulseAIagent\pulseai-base\src\tests\test_desktop_renderer_architecture.py:103: AssertionError: assert 'function emptyState' in '/*---------------------------------------------------------------------------------------------\n * Framework-neutral...); }\n\t\t\t}\n\t\t},\n\t\tdispose(): void {\n\t\t\tdisposed = true;\n\t\t\troot.replaceChildren();\n\t\t},\n\t};\n}\n'
E   AssertionError: assert 'cancelled by the user' in '\u26d4 run_terminal timed out after 300s (blocking/interactive prompt detected or command hung): D:\\\\pulseAIagent\\\\PulseAI...tive flags (e.g. --yes, --no-input), write/place the files directly, or use start_terminal for a long-running process.'
D:\\pulseAIagent\\pulseai-base\\src\\tests\\test_hermes_runtime_values.py:148: AssertionError: assert 'cancelled by the user' in '\u26d4 run_terminal timed out after 300s (blocking/interactive prompt detected or command hung): D:\\\\pulseAIagent\\\\PulseAI...tive flags (e.g. --yes, --no-input), write/place the files directly, or use start_terminal for a long-running process.'
E   FileNotFoundError: [Errno 2] No such file or directory: 'C:\\Users\\Administrator\\AppData\\Local\\Temp\\pytest-of-Administrator\\pytest-321\\test_interleaved_sessions_neve0\\.pulseai\\context_feedback.jsonl'
D:\pulseAIagent\pulseai-base\src\tests\test_session_engines.py:276: FileNotFoundError: [Errno 2] No such file or directory: 'C:\\Users\\Administrator\\AppData\\Local\\Temp\\pytest-of-Administrator\\pytest-321\\test_interleaved_sessions_neve0\\.pulseai\\context_feedback.jsonl'
E   AssertionError: assert ['Build and v...website', ...] == ['ok', 'ok2']
      
      At index 0 diff: 'Build and verify a complete website' != 'ok'
      Left contains 12 more items, first extra item: 'Build a browser website and provide a screenshot'
      Use -v to get more diff
D:\pulseAIagent\pulseai-base\src\tests\test_session_engines.py:298: AssertionError: assert ['Build and v...website', ...] == ['ok', 'ok2']
E   AssertionError: assert ['Build and v...website', ...] == ['old1', 'old2']
      
      At index 0 diff: 'Build and verify a complete website' != 'old1'
      Left contains 12 more items, first extra item: 'Build a browser website and provide a screenshot'
      Use -v to get more diff
D:\pulseAIagent\pulseai-base\src\tests\test_session_engines.py:305: AssertionError: assert ['Build and v...website', ...] == ['old1', 'old2']
E   AssertionError: assert 14 == 1000
     +  where 14 = len([{'timestamp': 1788257961.9202414, 'task': 'Build and verify a complete website', 'success': False, 'layers_used': []}...mestamp': 1788266784.1044593, 'task': 'Build and verify a complete website', 'success': False, 'layers_used': []}, ...])
     +    where [{'timestamp': 1788257961.9202414, 'task': 'Build and verify a complete website', 'success': False, 'layers_used': []}...mestamp': 1788266784.1044593, 'task': 'Build and verify a complete website', 'success': False, 'layers_used': []}, ...] = <src.context.context_engine.ContextEngine object at 0x00000291839252B0>._feedback_history
D:\pulseAIagent\pulseai-base\src\tests\test_session_engines.py:318: AssertionError: assert 14 == 1000
E   FileNotFoundError: [Errno 2] No such file or directory: 'D:\\pulseAIagent\\pulseai-base\\ui\\src\\runtime\\toolCatalog.ts'
C:\Users\Administrator\AppData\Roaming\uv\python\cpython-3.14-windows-x86_64-none\Lib\pathlib\__init__.py:771: FileNotFoundError: [Errno 2] No such file or directory: 'D:\\pulseAIagent\\pulseai-base\\ui\\src\\runtime\\toolCatalog.ts'
E   FileNotFoundError: [Errno 2] No such file or directory: 'D:\\pulseAIagent\\pulseai-base\\ui\\src\\runtime\\toolCatalog.ts'
C:\Users\Administrator\AppData\Roaming\uv\python\cpython-3.14-windows-x86_64-none\Lib\pathlib\__init__.py:771: FileNotFoundError: [Errno 2] No such file or directory: 'D:\\pulseAIagent\\pulseai-base\\ui\\src\\runtime\\toolCatalog.ts'
============================== warnings summary ===============================
..\PulseAIRepo\.venv\Lib\site-packages\google\genai\types.py:42
  D:\pulseAIagent\PulseAIRepo\.venv\Lib\site-packages\google\genai\types.py:42: DeprecationWarning: '_UnionGenericAlias' is deprecated and slated for removal in Python 3.17
    VersionedUnionType = Union[builtin_types.UnionType, _UnionGenericAlias]

-- Docs: https://docs.pytest.org/en/stable/how-to/capture-warnings.html
=========================== short test summary info ===========================
FAILED src/tests/test_autonomous_runtime_contract.py::test_ai_node_builds_expected_first_sarvam_request_without_provider_call
FAILED src/tests/test_desktop_renderer_architecture.py::test_renderer_boundary_is_browser_safe_and_text_only
FAILED src/tests/test_desktop_renderer_architecture.py::test_native_and_lab_catalogs_cover_the_same_36_tools
FAILED src/tests/test_desktop_renderer_architecture.py::test_agent_layout_keeps_progressive_disclosure_and_stable_docks_native
FAILED src/tests/test_hermes_runtime_values.py::test_foreground_terminal_observes_session_cancel
FAILED src/tests/test_session_engines.py::TestFeedbackStore::test_interleaved_sessions_never_lose_records
FAILED src/tests/test_session_engines.py::TestFeedbackStore::test_debris_lines_are_skipped_not_fatal
FAILED src/tests/test_session_engines.py::TestFeedbackStore::test_legacy_json_store_migrates
FAILED src/tests/test_session_engines.py::TestFeedbackStore::test_compaction_bounds_the_file
FAILED src/tests/test_ui_tool_catalog.py::test_ui_catalog_covers_every_runtime_tool_name
FAILED src/tests/test_ui_tool_catalog.py::test_terminal_family_has_real_pulse_process_tools
====== 11 failed, 1130 passed, 1 skipped, 1 warning in 985.30s (0:16:25) ======
