============================= test session starts =============================
platform win32 -- Python 3.14.4, pytest-9.1.1, pluggy-1.6.0
rootdir: D:\pulseAIagent\PulseAIRepo
configfile: pytest.ini
plugins: anyio-4.14.2, langsmith-0.10.10, asyncio-1.4.0
asyncio: mode=Mode.STRICT, debug=False, asyncio_default_fixture_loop_scope=None, asyncio_default_test_loop_scope=function
collected 1213 items

src\tests\test_ambiguity.py ........                                     [  0%]
src\tests\test_attempt11_completion_integrity.py .....                   [  1%]
src\tests\test_attempt11_product_delivery_boundary.py ..........         [  1%]
src\tests\test_autonomous_runtime_contract.py .....F..                   [  2%]
src\tests\test_aux_model_routing.py ........                             [  3%]
src\tests\test_benchmark_contract.py .............                       [  4%]
src\tests\test_benchmark_evaluator.py .................................. [  7%]
....                                                                     [  7%]
src\tests\test_benchmark_fixtures.py .................................   [ 10%]
src\tests\test_benchmark_harness.py ........................             [ 12%]
src\tests\test_benchmark_harness_cdp.py .......                          [ 12%]
src\tests\test_benchmark_runner.py ..................                    [ 14%]
src\tests\test_bounded_scan.py ...........................               [ 16%]
src\tests\test_bridge.py ....................                            [ 18%]
src\tests\test_bridge_protocol_v2.py ........                            [ 18%]
src\tests\test_bridge_runtime_protocol.py ...                            [ 18%]
src\tests\test_bridge_transport.py ...........                           [ 19%]
src\tests\test_bridge_workspace_routing.py ...........                   [ 20%]
src\tests\test_cache_preservation.py .........                           [ 21%]
src\tests\test_cancellation_gates.py ..............................      [ 23%]
src\tests\test_chunk_index.py ..........................                 [ 26%]
src\tests\test_compaction.py .............                               [ 27%]
src\tests\test_context_budget.py ....................................... [ 30%]
.....                                                                    [ 30%]
src\tests\test_context_engine_parity.py ....................             [ 32%]
src\tests\test_dashboard_validation.py ..............                    [ 33%]
src\tests\test_degraded_memory.py ...                                    [ 33%]
src\tests\test_desktop_contrib_overlay.py ......                         [ 34%]
src\tests\test_desktop_renderer_architecture.py .F.F..F.                 [ 35%]
src\tests\test_desktop_sidecar_architecture.py .......                   [ 35%]
src\tests\test_desktop_workspace_boundary.py ..........                  [ 36%]
src\tests\test_detective_mode.py ..........                              [ 37%]
src\tests\test_edit_file.py .......s..                                   [ 38%]
src\tests\test_efficiency_receipts.py ..............                     [ 39%]
src\tests\test_embedding_cache.py ..........                             [ 40%]
src\tests\test_engine_smoke.py ............                              [ 41%]
src\tests\test_event_safety.py .....................                     [ 42%]
src\tests\test_execution_modes.py .....                                  [ 43%]
src\tests\test_execution_phases.py ........                              [ 43%]
src\tests\test_feedback_memory.py ..............                         [ 45%]
src\tests\test_file_state.py ..........                                  [ 45%]
src\tests\test_git_context.py ...................                        [ 47%]
src\tests\test_hermes_prompt_parity.py ...................s............. [ 50%]
...........................                                              [ 52%]
src\tests\test_hermes_prompt_session_cache.py ..........                 [ 53%]
src\tests\test_hermes_runtime_values.py ...........F                     [ 54%]
src\tests\test_history_shaper.py ..........                              [ 54%]
src\tests\test_host_capability_broker.py .....                           [ 55%]
src\tests\test_iteration_budget.py .........                             [ 56%]
src\tests\test_lab_fixes.py ............................................ [ 59%]
..........                                                               [ 60%]
src\tests\test_lang_extractors.py .......................                [ 62%]
src\tests\test_layer_policy.py ................                          [ 63%]
src\tests\test_loop_guards.py .....                                      [ 64%]
src\tests\test_model_budgets.py ..........................               [ 66%]
src\tests\test_output_limit_recovery.py ...                              [ 66%]
src\tests\test_parallel_tools.py ....................                    [ 68%]
src\tests\test_plan_constraint_validator.py ....                         [ 68%]
src\tests\test_plan_messages.py ..........                               [ 69%]
src\tests\test_progress_helpers.py .....................                 [ 71%]
src\tests\test_prompt_cache_audit.py .........                           [ 71%]
src\tests\test_prompt_guard.py ..................                        [ 73%]
src\tests\test_provider_preflight.py ...                                 [ 73%]
src\tests\test_ptc.py .............................                      [ 76%]
src\tests\test_pulseai_branding.py .............                         [ 77%]
src\tests\test_repo_map.py ...........                                   [ 77%]
src\tests\test_request_sanitizer.py .......                              [ 78%]
src\tests\test_retry_proxy.py ..........                                 [ 79%]
src\tests\test_retry_proxy_stream_cleanup.py ......                      [ 79%]
src\tests\test_review12.py .............                                 [ 80%]
src\tests\test_review12_reverify.py .....                                [ 81%]
src\tests\test_review_autopsy_fixes.py ..............                    [ 82%]
src\tests\test_run_bridge_turn.py ..                                     [ 82%]
src\tests\test_scaffold_layout_normalization.py .                        [ 82%]
src\tests\test_scaffold_tools.py ..                                      [ 82%]
src\tests\test_scope_artifact_gates.py .....                             [ 83%]
src\tests\test_self_curation.py ..........                               [ 84%]
src\tests\test_session_engines.py ..............F....                    [ 85%]
src\tests\test_session_search.py ..................                      [ 87%]
src\tests\test_shadow_checkpoints.py .............                       [ 88%]
src\tests\test_skill_lifecycle.py ........                               [ 88%]
src\tests\test_smart_compressor.py ......                                [ 89%]
src\tests\test_sub_agent_batch.py ......                                 [ 89%]
src\tests\test_subagent_autodeny.py .......                              [ 90%]
src\tests\test_subagent_hygiene.py ....                                  [ 90%]
src\tests\test_subagent_lifecycle_service.py ...                         [ 91%]
src\tests\test_task_classifier_skip.py ................................. [ 93%]
......................                                                   [ 95%]
src\tests\test_test5_guarded_script.py .....                             [ 96%]
src\tests\test_tool_crash_net.py ....                                    [ 96%]
src\tests\test_toolsets.py ..................                            [ 97%]
src\tests\test_ui_tool_catalog.py FF                                     [ 98%]
src\tests\test_vector_memory.py .....                                    [ 98%]
src\tests\test_volatile_tail.py .....                                    [ 98%]
src\tests\test_web_tools.py ........                                     [ 99%]
src\tests\test_workbench_capabilities.py ......                          [100%]

================================== FAILURES ===================================
E   AssertionError: assert ['system', 's...tem', 'human'] == ['system', 's...tem', 'human']
      
      At index 3 diff: 'system' != 'human'
      Left contains 2 more items, first extra item: 'system'
      Use -v to get more diff
---------------------------- Captured stdout call -----------------------------
[ContextEngine] context window 8,192 for 'sarvam-test' (source: default); token budget 4,096 (provider cap 6,000)
[tokenizer] unavailable (encoding_for_model('sarvam-test')): KeyError: 'Could not automatically map sarvam-test to a tokeniser. Please use `tiktoken.get_encoding` to explicitly get the tokeniser you expect.' ù degrading to ~chars/4 heuristic token counts (imprecise, never fatal). Install/populate the tiktoken cache (one online run) for exact counts.
D:\pulseAIagent\PulseAIRepo\src\tests\test_autonomous_runtime_contract.py:164: AssertionError: assert ['system', 's...tem', 'human'] == ['system', 's...tem', 'human']
E   AssertionError: assert 'Review change' in '/*---------------------------------------------------------------------------------------------\n * Framework-neutral...); }\n\t\t\t}\n\t\t},\n\t\tdispose(): void {\n\t\t\tdisposed = true;\n\t\t\troot.replaceChildren();\n\t\t},\n\t};\n}\n'
D:\pulseAIagent\PulseAIRepo\src\tests\test_desktop_renderer_architecture.py:58: AssertionError: assert 'Review change' in '/*---------------------------------------------------------------------------------------------\n * Framework-neutral...); }\n\t\t\t}\n\t\t},\n\t\tdispose(): void {\n\t\t\tdisposed = true;\n\t\t\troot.replaceChildren();\n\t\t},\n\t};\n}\n'
E   FileNotFoundError: [Errno 2] No such file or directory: 'D:\\pulseAIagent\\PulseAIRepo\\ui\\src\\runtime\\toolCatalog.ts'
C:\Users\Administrator\AppData\Roaming\uv\python\cpython-3.14-windows-x86_64-none\Lib\pathlib\__init__.py:771: FileNotFoundError: [Errno 2] No such file or directory: 'D:\\pulseAIagent\\PulseAIRepo\\ui\\src\\runtime\\toolCatalog.ts'
E   AssertionError: assert 'function emptyState' in '/*---------------------------------------------------------------------------------------------\n * Framework-neutral...); }\n\t\t\t}\n\t\t},\n\t\tdispose(): void {\n\t\t\tdisposed = true;\n\t\t\troot.replaceChildren();\n\t\t},\n\t};\n}\n'
D:\pulseAIagent\PulseAIRepo\src\tests\test_desktop_renderer_architecture.py:103: AssertionError: assert 'function emptyState' in '/*---------------------------------------------------------------------------------------------\n * Framework-neutral...); }\n\t\t\t}\n\t\t},\n\t\tdispose(): void {\n\t\t\tdisposed = true;\n\t\t\troot.replaceChildren();\n\t\t},\n\t};\n}\n'
E   AttributeError: <module 'os' (frozen)> has no attribute 'killpg'
D:\pulseAIagent\PulseAIRepo\src\tests\test_hermes_runtime_values.py:175: AttributeError: <module 'os' (frozen)> has no attribute 'killpg'
E   AssertionError: assert [] == ['ok', 'ok2']
      
      Right contains 2 more items, first extra item: 'ok'
      Use -v to get more diff
D:\pulseAIagent\PulseAIRepo\src\tests\test_session_engines.py:310: AssertionError: assert [] == ['ok', 'ok2']
E   FileNotFoundError: [Errno 2] No such file or directory: 'D:\\pulseAIagent\\PulseAIRepo\\ui\\src\\runtime\\toolCatalog.ts'
C:\Users\Administrator\AppData\Roaming\uv\python\cpython-3.14-windows-x86_64-none\Lib\pathlib\__init__.py:771: FileNotFoundError: [Errno 2] No such file or directory: 'D:\\pulseAIagent\\PulseAIRepo\\ui\\src\\runtime\\toolCatalog.ts'
E   FileNotFoundError: [Errno 2] No such file or directory: 'D:\\pulseAIagent\\PulseAIRepo\\ui\\src\\runtime\\toolCatalog.ts'
C:\Users\Administrator\AppData\Roaming\uv\python\cpython-3.14-windows-x86_64-none\Lib\pathlib\__init__.py:771: FileNotFoundError: [Errno 2] No such file or directory: 'D:\\pulseAIagent\\PulseAIRepo\\ui\\src\\runtime\\toolCatalog.ts'
============================== warnings summary ===============================
.venv\Lib\site-packages\google\genai\types.py:42
  D:\pulseAIagent\PulseAIRepo\.venv\Lib\site-packages\google\genai\types.py:42: DeprecationWarning: '_UnionGenericAlias' is deprecated and slated for removal in Python 3.17
    VersionedUnionType = Union[builtin_types.UnionType, _UnionGenericAlias]

-- Docs: https://docs.pytest.org/en/stable/how-to/capture-warnings.html
=========================== short test summary info ===========================
FAILED src/tests/test_autonomous_runtime_contract.py::test_ai_node_builds_expected_first_sarvam_request_without_provider_call
FAILED src/tests/test_desktop_renderer_architecture.py::test_renderer_boundary_is_browser_safe_and_text_only
FAILED src/tests/test_desktop_renderer_architecture.py::test_native_and_lab_catalogs_cover_the_same_36_tools
FAILED src/tests/test_desktop_renderer_architecture.py::test_agent_layout_keeps_progressive_disclosure_and_stable_docks_native
FAILED src/tests/test_hermes_runtime_values.py::test_foreground_cancel_answers_when_a_grandchild_holds_the_pipes
FAILED src/tests/test_session_engines.py::TestFeedbackStore::test_debris_lines_are_skipped_not_fatal
FAILED src/tests/test_ui_tool_catalog.py::test_ui_catalog_covers_every_runtime_tool_name
FAILED src/tests/test_ui_tool_catalog.py::test_terminal_family_has_real_pulse_process_tools
====== 8 failed, 1203 passed, 2 skipped, 1 warning in 1155.44s (0:19:15) ======
