node.exe : npm notice run pulse-webview@0.0.0 npx
At line:1 char:1
+ & "C:\Program Files\nodejs/node.exe" "C:\Users\Administrator\AppData\ ...
+ ~~~~~~~~~~~~~~~~~~~~~~~~~~~~~~~~~~~~~~~~~~~~~~~~~~~~~~~~~~~~~~~~~~~~~
    + CategoryInfo          : NotSpecified: (npm notice run pulse-webview@0.0.0 npx:String) [], RemoteException
    + FullyQualifiedErrorId : NativeCommandError
 
npm notice run vite build
[36mvite v8.2.2 [32mbuilding client environment for production...[36m[39m
transforming...
Γ£ô 9110 modules transformed.
rendering chunks...
computing gzip size...
dist/index.html                                           0.55 kB Γöé gzip:   0.33 kB
dist/assets/KaTeX_Size3-Regular-CTq5MqoE.woff             4.42 kB
dist/assets/KaTeX_Size4-Regular-Dl5lxZxV.woff2            4.92 kB
dist/assets/KaTeX_Size2-Regular-Dy4dx90m.woff2            5.20 kB
dist/assets/KaTeX_Size1-Regular-mCD8mA8B.woff2            5.46 kB
dist/assets/KaTeX_Size4-Regular-BF-4gkZK.woff             5.98 kB
dist/assets/KaTeX_Size2-Regular-oD1tc_U0.woff             6.18 kB
dist/assets/KaTeX_Size1-Regular-C195tn64.woff             6.49 kB
dist/assets/KaTeX_Caligraphic-Regular-Di6jR-x-.woff2      6.90 kB
dist/assets/KaTeX_Caligraphic-Bold-Dq_IR9rO.woff2         6.91 kB
dist/assets/KaTeX_Size3-Regular-DgpXs0kz.ttf              7.58 kB
dist/assets/KaTeX_Caligraphic-Regular-CTRA-rTL.woff       7.65 kB
dist/assets/KaTeX_Caligraphic-Bold-BEiXGLvX.woff          7.71 kB
dist/assets/KaTeX_Script-Regular-D3wIWfF6.woff2           9.64 kB
dist/assets/KaTeX_SansSerif-Regular-DDBCnlJ7.woff2       10.34 kB
dist/assets/KaTeX_Size4-Regular-DWFBv043.ttf             10.36 kB
dist/assets/KaTeX_Script-Regular-D5yQViql.woff           10.58 kB
dist/assets/KaTeX_Fraktur-Regular-CTYiF6lA.woff2         11.31 kB
dist/assets/KaTeX_Fraktur-Bold-CL6g_b3V.woff2            11.34 kB
dist/assets/KaTeX_Size2-Regular-B7gKUWhC.ttf             11.50 kB
dist/assets/KaTeX_SansSerif-Italic-C3H0VqGB.woff2        12.02 kB
dist/assets/KaTeX_SansSerif-Bold-D1sUS0GD.woff2          12.21 kB
dist/assets/KaTeX_Size1-Regular-Dbsnue_I.ttf             12.22 kB
dist/assets/KaTeX_SansSerif-Regular-CS6fqUqJ.woff        12.31 kB
dist/assets/KaTeX_Caligraphic-Regular-wX97UBjC.ttf       12.34 kB
dist/assets/KaTeX_Caligraphic-Bold-ATXxdsX0.ttf          12.36 kB
dist/assets/KaTeX_Fraktur-Regular-Dxdc4cR9.woff          13.20 kB
dist/assets/KaTeX_Fraktur-Bold-BsDP51OF.woff             13.29 kB
dist/assets/KaTeX_Typewriter-Regular-CO6r4hn1.woff2      13.56 kB
dist/assets/KaTeX_SansSerif-Italic-DN2j7dab.woff         14.11 kB
dist/assets/KaTeX_SansSerif-Bold-DbIhKOiC.woff           14.40 kB
dist/assets/KaTeX_Typewriter-Regular-C0xS9mPB.woff       16.02 kB
dist/assets/KaTeX_Math-BoldItalic-CZnvNsCZ.woff2         16.40 kB
dist/assets/KaTeX_Math-Italic-t53AETM-.woff2             16.44 kB
dist/assets/KaTeX_Script-Regular-C5JkGWo-.ttf            16.64 kB
dist/assets/KaTeX_Main-BoldItalic-DxDJ3AOS.woff2         16.78 kB
dist/assets/KaTeX_Main-Italic-NWA7e6Wa.woff2             16.98 kB
dist/assets/KaTeX_Math-BoldItalic-iY-2wyZ7.woff          18.66 kB
dist/assets/KaTeX_Math-Italic-DA0__PXp.woff              18.74 kB
dist/assets/KaTeX_Main-BoldItalic-SpSLRI95.woff          19.41 kB
dist/assets/KaTeX_SansSerif-Regular-BNo7hRIc.ttf         19.43 kB
dist/assets/KaTeX_Fraktur-Regular-CB_wures.ttf           19.57 kB
dist/assets/KaTeX_Fraktur-Bold-BdnERNNW.ttf              19.58 kB
dist/assets/KaTeX_Main-Italic-BMLOBm91.woff              19.67 kB
dist/assets/KaTeX_SansSerif-Italic-YYjJ1zSn.ttf          22.36 kB
dist/assets/KaTeX_SansSerif-Bold-CFMepnvq.ttf            24.50 kB
dist/assets/KaTeX_Main-Bold-Cx986IdX.woff2               25.32 kB
dist/assets/KaTeX_Main-Regular-B22Nviop.woff2            26.27 kB
dist/assets/KaTeX_Typewriter-Regular-D3Ib7_Hf.ttf        27.55 kB
dist/assets/KaTeX_AMS-Regular-BQhdFMY1.woff2             28.07 kB
dist/assets/KaTeX_Main-Bold-Jm3AIy58.woff                29.91 kB
dist/assets/KaTeX_Main-Regular-Dr94JaBh.woff             30.77 kB
dist/assets/KaTeX_Math-BoldItalic-B3XSjfu4.ttf           31.19 kB
dist/assets/KaTeX_Math-Italic-flOr_0UB.ttf               31.30 kB
dist/assets/KaTeX_Main-BoldItalic-DzxPMmG6.ttf           32.96 kB
dist/assets/KaTeX_AMS-Regular-DMm9YOAa.woff              33.51 kB
dist/assets/KaTeX_Main-Italic-3WenGoN9.ttf               33.58 kB
dist/assets/KaTeX_Main-Bold-waoOVXN0.ttf                 51.33 kB
dist/assets/KaTeX_Main-Regular-ypZvNtVU.ttf              53.58 kB
dist/assets/KaTeX_AMS-Regular-DRggAlZN.ttf               63.63 kB
dist/assets/katex-DEcVZfaU.css                           28.83 kB Γöé gzip:   7.92 kB
dist/assets/index-BIEEpTkm.css                          115.94 kB Γöé gzip:  19.63 kB
dist/assets/mermaid-VLURNSYL-N_bM26mP.js                  0.06 kB Γöé gzip:   0.07 kB
dist/assets/array-BifhSqXX.js                             0.10 kB Γöé gzip:   0.11 kB
dist/assets/channel-H55NOd0j.js                           0.11 kB Γöé gzip:   0.12 kB
dist/assets/pie-WAS4IAKB-C1Q4UMD-.js                      0.12 kB Γöé gzip:   0.12 kB
dist/assets/info-A6RAGUB7-D8byl3OG.js                     0.12 kB Γöé gzip:   0.13 kB
dist/assets/radar-RG4KPBEZ-DbdZycOo.js                    0.12 kB Γöé gzip:   0.12 kB
dist/assets/packet-AYTQ26CC-pF9hhISq.js                   0.12 kB Γöé gzip:   0.13 kB
dist/assets/cynefin-OW5HDTMX-3Eq0KClQ.js                  0.12 kB Γöé gzip:   0.13 kB
dist/assets/treemap-WGGIJYW6-D6PPm7lh.js                  0.12 kB Γöé gzip:   0.13 kB
dist/assets/wardley-WFR3VGLG-DRvpsmOb.js                  0.12 kB Γöé gzip:   0.13 kB
dist/assets/gitGraph-4MIJSDKK-CYXrGtrA.js                 0.12 kB Γöé gzip:   0.13 kB
dist/assets/railroad-74A4TZTK-DQJddZM2.js                 0.12 kB Γöé gzip:   0.13 kB
dist/assets/treeView-Q6P3EWNA-DOGBsFCz.js                 0.12 kB Γöé gzip:   0.13 kB
dist/assets/railroad-peg-WCYAUIDC-B-vxW5Qf.js             0.13 kB Γöé gzip:   0.13 kB
dist/assets/architecture-7GRP2DOG-DRV03D5T.js             0.13 kB Γöé gzip:   0.13 kB
dist/assets/railroad-abnf-HS5TGJTU-BNHvV19a.js            0.13 kB Γöé gzip:   0.13 kB
dist/assets/railroad-ebnf-LZEXJU2U-CXaHE4RM.js            0.13 kB Γöé gzip:   0.13 kB
dist/assets/eventmodeling-NTZA5JFV-COXcRRtb.js            0.13 kB Γöé gzip:   0.13 kB
dist/assets/init-C-OQMol4.js                              0.14 kB Γöé gzip:   0.12 kB
dist/assets/chunk-Y2CYZVJY-DsF7k-Jl.js                    0.15 kB Γöé gzip:   0.14 kB
dist/assets/chunk-2Q5K7J3B-C1jixKkw.js                    0.19 kB Γöé gzip:   0.16 kB
dist/assets/chunk-JWPE2WC7-DVXcaiue.js                    0.22 kB Γöé gzip:   0.17 kB
dist/assets/chunk-XXDRQBXY-DqAYeljN.js                    0.26 kB Γöé gzip:   0.22 kB
dist/assets/chunk-5VM5RSS4-ZNzvKenW.js                    0.36 kB Γöé gzip:   0.27 kB
dist/assets/codeowners-C8r90Shi.js                        0.54 kB Γöé gzip:   0.31 kB
dist/assets/chunk-POPQ4Y6H-Cwd4OFTD.js                    0.57 kB Γöé gzip:   0.40 kB
dist/assets/flowDiagram-HODETNUW-Cy_zV96E.js              0.57 kB Γöé gzip:   0.31 kB
dist/assets/infoDiagram-27XIBGKW-DnA0oaDm.js              0.65 kB Γöé gzip:   0.41 kB
dist/assets/shellsession-CVsQGYfZ.js                      0.71 kB Γöé gzip:   0.43 kB
dist/assets/rolldown-runtime-hePW80VL.js                  0.71 kB Γöé gzip:   0.42 kB
dist/assets/tsv-sltzmVWM.js                               0.73 kB Γöé gzip:   0.33 kB
dist/assets/classDiagram-ZZMXUADV-BjaHRqrm.js             0.77 kB Γöé gzip:   0.45 kB
dist/assets/classDiagram-v2-VYDZK3BY-BjaHRqrm.js          0.77 kB Γöé gzip:   0.45 kB
dist/assets/stateDiagram-v2-MP3YSRHH-CTl8We2P.js          0.78 kB Γöé gzip:   0.45 kB
dist/assets/swimlanesDiagram-VR7AAH4N-CND38mdK.js         0.83 kB Γöé gzip:   0.48 kB
dist/assets/html-derivative-CDfZYcul.js                   0.84 kB Γöé gzip:   0.45 kB
dist/assets/sizeCapture-INFHLROL-B0uUizjq.js              0.87 kB Γöé gzip:   0.51 kB
dist/assets/line-Dp3_CYxt.js                              0.94 kB Γöé gzip:   0.47 kB
dist/assets/git-rebase-BDPpS8w6.js                        0.98 kB Γöé gzip:   0.44 kB
dist/assets/qmldir-DCQb3MpD.js                            0.99 kB Γöé gzip:   0.44 kB
dist/assets/csv-Dx-8-gkx.js                               1.13 kB Γöé gzip:   0.36 kB
dist/assets/ordinal-BDEzSJ7C.js                           1.17 kB Γöé gzip:   0.56 kB
dist/assets/git-commit-BSykSTBG.js                        1.22 kB Γöé gzip:   0.52 kB
dist/assets/xsl-BOPS8gLt.js                               1.36 kB Γöé gzip:   0.49 kB
dist/assets/dotenv-_5a1GRtc.js                            1.41 kB Γöé gzip:   0.52 kB
dist/assets/chunk-GVQU2GXP-jGNryUOI.js                    1.41 kB Γöé gzip:   0.79 kB
dist/assets/sparql-D_iOobhT.js                            1.47 kB Γöé gzip:   0.81 kB
dist/assets/ini-B5eOa1yu.js                               1.51 kB Γöé gzip:   0.49 kB
dist/assets/railroadDiagram-O6MQD6OU-B0jzLOGA.js          1.65 kB Γöé gzip:   0.77 kB
dist/assets/fortran-fixed-form-DEKoE2YW.js                1.66 kB Γöé gzip:   0.68 kB
dist/assets/docker-IyjqRm3v.js                            1.73 kB Γöé gzip:   0.59 kB
dist/assets/hxml-B0Qn7Nwc.js                              1.74 kB Γöé gzip:   0.87 kB
dist/assets/desktop-Dlh5hvp9.js                           1.82 kB Γöé gzip:   0.75 kB
dist/assets/abnfDiagram-VCTEODGH-B-bPC-R_.js              1.84 kB Γöé gzip:   0.89 kB
dist/assets/chunk-P2QGCYS3-C7bvGDY5.js                    1.94 kB Γöé gzip:   0.95 kB
dist/assets/chunk-F27PBJKO-DOf5SqDG.js                    1.97 kB Γöé gzip:   0.88 kB
dist/assets/pegDiagram-XKGWAZYB-BIAiUzwM.js               2.01 kB Γöé gzip:   0.94 kB
dist/assets/ebnfDiagram-PWID7BFC-BWp-usEH.js              2.05 kB Γöé gzip:   0.88 kB
dist/assets/erb-CIsHcwm1.js                               2.13 kB Γöé gzip:   0.62 kB
dist/assets/wenyan-C8pVoKbM.js                            2.15 kB Γöé gzip:   1.08 kB
dist/assets/dist-v5Q1xZ2K.js                              2.17 kB Γöé gzip:   0.98 kB
dist/assets/jssm-DXw9l8Rf.js                              2.23 kB Γöé gzip:   0.61 kB
dist/assets/path-fybaL0A-.js                              2.27 kB Γöé gzip:   0.98 kB
dist/assets/edge-8z7Jp9dO.js                              2.30 kB Γöé gzip:   0.67 kB
dist/assets/reg-CRGYupPL.js                               2.33 kB Γöé gzip:   0.69 kB
dist/assets/diff-woXpYk--.js                              2.56 kB Γöé gzip:   0.68 kB
dist/assets/gleam-CSRkHgEL.js                             2.57 kB Γöé gzip:   0.81 kB
dist/assets/hy-CZbG8q4J.js                                2.64 kB Γöé gzip:   1.17 kB
dist/assets/openscad-BUDT5pXO.js                          2.81 kB Γöé gzip:   1.00 kB
dist/assets/log-BNLmms1o.js                               2.84 kB Γöé gzip:   0.89 kB
dist/assets/json-DAgxKhMr.js                              2.89 kB Γöé gzip:   0.82 kB
dist/assets/cairo-DLTphjLi.js                             2.93 kB Γöé gzip:   0.80 kB
dist/assets/berry-DKpUyyne.js                             2.99 kB Γöé gzip:   0.80 kB
dist/assets/jsonl-CmCQp5Yx.js                             3.00 kB Γöé gzip:   0.78 kB
dist/assets/jsonc-CYpm1nAK.js                             3.10 kB Γöé gzip:   0.78 kB
dist/assets/logo-Cluzi2Zq.js                              3.12 kB Γöé gzip:   1.46 kB
dist/assets/po-BiJDBrnU.js                                3.23 kB Γöé gzip:   0.90 kB
dist/assets/json5-BR5RXkoi.js                             3.24 kB Γöé gzip:   0.82 kB
dist/assets/mipsasm-BMqwQI7S.js                           3.25 kB Γöé gzip:   1.17 kB
dist/assets/tasl-DMoTqEGO.js                              3.28 kB Γöé gzip:   0.84 kB
dist/assets/genie-CV2tkWYe.js                             3.34 kB Γöé gzip:   1.20 kB
dist/assets/rel-BtDbiS_P.js                               3.36 kB Γöé gzip:   1.10 kB
dist/assets/vala-zf12oZj6.js                              3.36 kB Γöé gzip:   1.18 kB
dist/assets/splunk-BC2Px7Mm.js                            3.42 kB Γöé gzip:   1.51 kB
dist/assets/arc-Pry-7G1_.js                               3.47 kB Γöé gzip:   1.46 kB
dist/assets/hurl-DCZHXKU4.js                              3.51 kB Γöé gzip:   1.09 kB
dist/assets/fluent-C03EYrpw.js                            3.60 kB Γöé gzip:   0.89 kB
dist/assets/ssh-config-BgfXC-Er.js                        3.61 kB Γöé gzip:   1.59 kB
dist/assets/jsonnet-CJTPZ8u_.js                           3.61 kB Γöé gzip:   1.03 kB
dist/assets/kdl-CsD5j6eV.js                               3.62 kB Γöé gzip:   1.03 kB
dist/assets/narrat-_X_XdTYD.js                            3.66 kB Γöé gzip:   1.09 kB
dist/assets/turtle-ByJddavk.js                            3.69 kB Γöé gzip:   0.96 kB
dist/assets/glsl-D5MA2a_X.js                              3.69 kB Γöé gzip:   1.46 kB
dist/assets/zenscript-BnlCZFoB.js                         3.90 kB Γöé gzip:   1.28 kB
dist/assets/ron-VUp2lXgN.js                               3.90 kB Γöé gzip:   0.97 kB
dist/assets/gn-ilITqXS6.js                                3.99 kB Γöé gzip:   1.47 kB
dist/assets/pascal-4ZHwLPI5.js                            4.14 kB Γöé gzip:   1.67 kB
dist/assets/diagram-Z3DM3KII-cryJH_CD.js                  4.28 kB Γöé gzip:   1.84 kB
dist/assets/http-kmH8AyfE.js                              4.41 kB Γöé gzip:   1.06 kB
dist/assets/tcl-CZd0xW_V.js                               4.42 kB Γöé gzip:   1.50 kB
dist/assets/nextflow-Bbiyy34d.js                          4.50 kB Γöé gzip:   1.16 kB
dist/assets/rosmsg-CAekHB0j.js                            4.51 kB Γöé gzip:   1.05 kB
dist/assets/defaultLocale-BFoDCU3G.js                     4.63 kB Γöé gzip:   2.12 kB
dist/assets/polar-C7UOKdEL.js                             4.66 kB Γöé gzip:   1.12 kB
dist/assets/sdbl-bTVj8UrX.js                              4.69 kB Γöé gzip:   2.00 kB
dist/assets/fennel-DQxkIbk2.js                            4.76 kB Γöé gzip:   1.53 kB
dist/assets/bibtex-Ci_nEsc7.js                            4.78 kB Γöé gzip:   0.83 kB
dist/assets/llvm-Cm23YOpf.js                              5.04 kB Γöé gzip:   2.01 kB
dist/assets/wgsl-BsKzXJz4.js                              5.13 kB Γöé gzip:   1.38 kB
dist/assets/gdresource-C0sCabJj.js                        5.28 kB Γöé gzip:   1.33 kB
dist/assets/zig-CMLA9XwU.js                               5.33 kB Γöé gzip:   1.55 kB
dist/assets/qml-_a-QhfPD.js                               5.33 kB Γöé gzip:   1.38 kB
dist/assets/dax-BkyTk9wS.js                               5.35 kB Γöé gzip:   2.21 kB
dist/assets/bicep-CUHmPFLl.js                             5.37 kB Γöé gzip:   1.14 kB
dist/assets/xml-BlnrEAEy.js                               5.44 kB Γöé gzip:   1.25 kB
dist/assets/awk-BWXHIvNe.js                               5.45 kB Γöé gzip:   1.37 kB
dist/assets/linear-DmucvK78.js                            5.51 kB Γöé gzip:   2.25 kB
dist/assets/coq-BrsZFFmf.js                               5.54 kB Γöé gzip:   1.91 kB
dist/assets/jinja-BMiPVedm.js                             5.62 kB Γöé gzip:   1.36 kB
dist/assets/lean-CewbzKMR.js                              5.77 kB Γöé gzip:   1.91 kB
dist/assets/chunk-PWAF6VOD-6o1iL8WB.js                    5.83 kB Γöé gzip:   2.68 kB
dist/assets/moonbit-CaWjb8XO.js                           5.89 kB Γöé gzip:   1.67 kB
dist/assets/powerquery-DNMTfnFr.js                        5.89 kB Γöé gzip:   1.51 kB
dist/assets/shaderlab-TOUzSsQk.js                         5.91 kB Γöé gzip:   2.08 kB
dist/assets/verilog-CiiDBU1e.js                           5.92 kB Γöé gzip:   1.89 kB
dist/assets/cypher-ClKdZ_lG.js                            5.94 kB Γöé gzip:   1.71 kB
dist/assets/diagram-UQ7AKVKN-DJQzlxRQ.js                  6.07 kB Γöé gzip:   2.56 kB
dist/assets/vb-Djn5o6TS.js                                6.08 kB Γöé gzip:   2.33 kB
dist/assets/pieDiagram-E7YTZNPT-DEplhVwz.js               6.22 kB Γöé gzip:   2.59 kB
dist/assets/red-CJ3rzSJv.js                               6.25 kB Γöé gzip:   1.59 kB
dist/assets/min-dark-BSWPekZh.js                          6.28 kB Γöé gzip:   1.70 kB
dist/assets/gdshader-CBce3t8t.js                          6.31 kB Γöé gzip:   1.72 kB
dist/assets/prisma-BsRQq5mF.js                            6.32 kB Γöé gzip:   1.38 kB
dist/assets/ara-4CJ0cIlV.js                               6.35 kB Γöé gzip:   1.80 kB
dist/assets/clojure-DqKBuwfJ.js                           6.40 kB Γöé gzip:   1.41 kB
dist/assets/postcss-BXeXVLqQ.js                           6.41 kB Γöé gzip:   1.90 kB
dist/assets/toml-CcmNWLt0.js                              6.41 kB Γöé gzip:   1.28 kB
dist/assets/solarized-light-DSh2HLQt.js                   6.47 kB Γöé gzip:   1.71 kB
dist/assets/proto-DB4EqR-F.js                             6.54 kB Γöé gzip:   1.41 kB
dist/assets/smalltalk-B16xEiuN.js                         6.58 kB Γöé gzip:   1.61 kB
dist/assets/r-D6UWEOL2.js                                 6.60 kB Γöé gzip:   1.83 kB
dist/assets/talonscript-CohzipZa.js                       6.75 kB Γöé gzip:   1.48 kB
dist/assets/solarized-dark-DV17i1UV.js                    6.84 kB Γöé gzip:   1.78 kB
dist/assets/riscv-Ckw8ddFX.js                             6.90 kB Γöé gzip:   1.97 kB
dist/assets/soy-B5n_eHSp.js                               6.92 kB Γöé gzip:   1.62 kB
dist/assets/min-light-DDpmG2fV.js                         6.96 kB Γöé gzip:   1.88 kB
dist/assets/scheme-DQCgrYNe.js                            7.16 kB Γöé gzip:   2.04 kB
dist/assets/hlsl-Cvrh5tZx.js                              7.25 kB Γöé gzip:   2.18 kB
dist/assets/qss-Fe1Jh2GI.js                               7.46 kB Γöé gzip:   2.57 kB
dist/assets/dart-DkHntEIa.js                              7.80 kB Γöé gzip:   1.91 kB
dist/assets/systemd-BxMlprV5.js                           7.86 kB Γöé gzip:   2.54 kB
dist/assets/monokai-CdkpiU2Y.js                           7.88 kB Γöé gzip:   1.90 kB
dist/assets/regexp-DR20uMnK.js                            8.05 kB Γöé gzip:   1.47 kB
dist/assets/diagram-S7CK7UJ4-Dus0Z69s.js                  8.19 kB Γöé gzip:   3.65 kB
dist/assets/haml-mpgecWZ6.js                              8.33 kB Γöé gzip:   1.85 kB
dist/assets/typst-DI99ib-x.js                             8.38 kB Γöé gzip:   1.66 kB
dist/assets/vue-html-DkKkQnZL.js                          8.47 kB Γöé gzip:   1.68 kB
dist/assets/plsql-DGHpHOYJ.js                             8.50 kB Γöé gzip:   2.99 kB
dist/assets/horizon-CE9ld1lL.js                           8.77 kB Γöé gzip:   1.94 kB
dist/assets/kotlin-DhhofPvG.js                            8.77 kB Γöé gzip:   2.12 kB
dist/assets/horizon-bright-Br1oVSNq.js                    8.78 kB Γöé gzip:   1.96 kB
dist/assets/ts-tags-q3pptdMi.js                           8.92 kB Γöé gzip:   1.20 kB
dist/assets/make-Dixweg8N.js                              8.95 kB Γöé gzip:   1.76 kB
dist/assets/andromeeda-vGVdxbeo.js                        9.01 kB Γöé gzip:   2.35 kB
dist/assets/sas-B6p8-ynO.js                               9.06 kB Γöé gzip:   3.82 kB
dist/assets/dark-plus-Cs2F2srj.js                         9.09 kB Γöé gzip:   2.10 kB
dist/assets/slack-dark-DnToyrRv.js                        9.11 kB Γöé gzip:   1.96 kB
dist/assets/sass-DXrisJhu.js                              9.28 kB Γöé gzip:   2.48 kB
dist/assets/plastic-DQwYfKfQ.js                           9.29 kB Γöé gzip:   1.96 kB
dist/assets/slack-ochin-B2OO5cIa.js                       9.42 kB Γöé gzip:   2.08 kB
dist/assets/tex-0w6-Dtgt.js                               9.67 kB Γöé gzip:   3.06 kB
dist/assets/chunk-L3NEJ4N5-EkWkqHB5.js                    9.68 kB Γöé gzip:   2.93 kB
dist/assets/jison-CBjhYtSs.js                             9.69 kB Γöé gzip:   1.86 kB
dist/assets/cmake-Bj61d0ZC.js                             9.84 kB Γöé gzip:   3.37 kB
dist/assets/light-plus-DVQuIRkW.js                        9.93 kB Γöé gzip:   2.27 kB
dist/assets/cynefinDiagram-5FMLGOSQ-BITRnq1w.js           9.94 kB Γöé gzip:   3.51 kB
dist/assets/hcl-Dh228itO.js                              10.04 kB Γöé gzip:   1.93 kB
dist/assets/rst-CgIrbW_q.js                              10.31 kB Γöé gzip:   2.24 kB
dist/assets/pkl-ot-7Btpt.js                              10.36 kB Γöé gzip:   1.37 kB
dist/assets/beancount-D-usSTwE.js                        10.36 kB Γöé gzip:   1.43 kB
dist/assets/nextflow-groovy-Dc_ddanL.js                  10.39 kB Γöé gzip:   2.12 kB
dist/assets/dream-maker-DW3nJb8Q.js                      10.46 kB Γöé gzip:   2.25 kB
dist/assets/raku-B3gFvitq.js                             10.46 kB Γöé gzip:   2.94 kB
dist/assets/yaml-Du_6cdrH.js                             10.57 kB Γöé gzip:   2.32 kB
dist/assets/stateDiagram-D77RDMKH-C6sy7iZ0.js            10.64 kB Γöé gzip:   3.74 kB
dist/assets/diagram-VSXAHHWV-AcQNGHd5.js                 10.65 kB Γöé gzip:   4.12 kB
dist/assets/just-DMArCiVH.js                             10.76 kB Γöé gzip:   2.60 kB
dist/assets/elm-o4NJxfws.js                              10.94 kB Γöé gzip:   2.09 kB
dist/assets/dagre-GXQ25YYZ-CIvJ7z6L.js                   10.97 kB Γöé gzip:   4.15 kB
dist/assets/github-light-EUqPIrTm.js                     11.18 kB Γöé gzip:   2.49 kB
dist/assets/prolog-iXnhIJG7.js                           11.34 kB Γöé gzip:   3.84 kB
dist/assets/terraform-DswuEJGm.js                        11.38 kB Γöé gzip:   2.51 kB
dist/assets/github-dark-C-LZuMrd.js                      11.40 kB Γöé gzip:   2.53 kB
dist/assets/puppet-CDv2pdJW.js                           11.43 kB Γöé gzip:   2.10 kB
dist/assets/laserwave-C_8bwKvT.js                        11.49 kB Γöé gzip:   2.57 kB
dist/assets/websandbox-DxuYBmQB.js                       11.76 kB Γöé gzip:   3.42 kB
dist/assets/gherkin-DExj1W_8.js                          11.93 kB Γöé gzip:   5.04 kB
dist/assets/wasm-ByWQv1Qj.js                             12.00 kB Γöé gzip:   2.17 kB
dist/assets/hjson-CxZEssPk.js                            12.04 kB Γöé gzip:   1.64 kB
dist/assets/handlebars-CAx_777f.js                       12.16 kB Γöé gzip:   2.37 kB
dist/assets/apache-U0d_L8uA.js                           12.44 kB Γöé gzip:   3.71 kB
dist/assets/vesper-D5bVUKB1.js                           12.68 kB Γöé gzip:   1.98 kB
dist/assets/bat-Bo4NYOV-.js                              12.88 kB Γöé gzip:   3.22 kB
dist/assets/fish-BJitypiv.js                             13.03 kB Γöé gzip:   1.73 kB
dist/assets/v-DETTlOr0.js                                13.20 kB Γöé gzip:   2.73 kB
dist/assets/vitesse-light-VbXTXTou.js                    13.61 kB Γöé gzip:   3.03 kB
dist/assets/aurora-x-CDeNXAV0.js                         13.65 kB Γöé gzip:   2.28 kB
dist/assets/vitesse-black-fwtXNY1n.js                    13.67 kB Γöé gzip:   3.05 kB
dist/assets/vitesse-dark-BZCL-v6S.js                     13.75 kB Γöé gzip:   3.06 kB
dist/assets/pug-DO6yvBr3.js                              13.84 kB Γöé gzip:   2.58 kB
dist/assets/luau-CNKltnaQ.js                             13.95 kB Γöé gzip:   3.16 kB
dist/assets/synthwave-84-nFMaYfgc.js                     14.03 kB Γöé gzip:   2.85 kB
dist/assets/github-light-default-BXViO-2h.js             14.15 kB Γöé gzip:   3.02 kB
dist/assets/clarity-SemFz856.js                          14.26 kB Γöé gzip:   2.46 kB
dist/assets/github-light-high-contrast-B68TUdTA.js       14.27 kB Γöé gzip:   3.00 kB
dist/assets/github-dark-dimmed-Bx1FflLF.js               14.43 kB Γöé gzip:   3.11 kB
dist/assets/github-dark-default-DXG-b-1a.js              14.43 kB Γöé gzip:   3.12 kB
dist/assets/github-dark-high-contrast-B_tTalzw.js        14.59 kB Γöé gzip:   3.07 kB
dist/assets/gnuplot-7GGW24-e.js                          14.77 kB Γöé gzip:   3.27 kB
dist/assets/rust-Cfkwpbl8.js                             15.06 kB Γöé gzip:   2.71 kB
dist/assets/kusto-BUv0MjJC.js                            15.16 kB Γöé gzip:   3.93 kB
dist/assets/actionscript-3--17pq3dv.js                   15.19 kB Γöé gzip:   2.67 kB
dist/assets/nix-IvuFDN5E.js                              15.50 kB Γöé gzip:   2.47 kB
dist/assets/lua-FONpmTUP.js                              15.60 kB Γöé gzip:   3.19 kB
dist/assets/chunk-SVP7TREG-C9wuXvEv.js                   15.64 kB Γöé gzip:   4.35 kB
dist/assets/diagram-VX7I27RA-D7RIqIeF.js                 15.75 kB Γöé gzip:   5.52 kB
dist/assets/abap-CLvhMVsD.js                             15.84 kB Γöé gzip:   5.93 kB
dist/assets/solidity-CKzVLygQ.js                         16.06 kB Γöé gzip:   3.09 kB
dist/assets/matlab-D7qyCx1q.js                           16.07 kB Γöé gzip:   3.06 kB
dist/assets/cue-CE9AQfxI.js                              16.19 kB Γöé gzip:   2.04 kB
dist/assets/elixir-CUV54ev5.js                           16.26 kB Γöé gzip:   2.76 kB
dist/assets/odin-B1RWQWA5.js                             16.50 kB Γöé gzip:   2.92 kB
dist/assets/mermaid-parser.core-Bhmot4sj.js              16.58 kB Γöé gzip:   3.92 kB
dist/assets/bird2-C2hNVINV.js                            16.96 kB Γöé gzip:   3.84 kB
dist/assets/kanagawa-wave-CTweb8Dz.js                    17.12 kB Γöé gzip:   2.90 kB
dist/assets/kanagawa-lotus-BN08jTvb.js                   17.12 kB Γöé gzip:   2.90 kB
dist/assets/kanagawa-dragon-CXtmUGW6.js                  17.12 kB Γöé gzip:   2.92 kB
dist/assets/ishikawaDiagram-5VMMS53U-BFnDF8JC.js         17.31 kB Γöé gzip:   6.53 kB
dist/assets/move-B1IS1UjX.js                             17.49 kB Γöé gzip:   3.06 kB
dist/assets/graphql-Ctjuxyvl.js                          18.08 kB Γöé gzip:   2.53 kB
dist/assets/liquid-CCX5qouA.js                           18.10 kB Γöé gzip:   3.14 kB
dist/assets/svelte-CIt8Fl9I.js                           18.24 kB Γöé gzip:   3.14 kB
dist/assets/material-theme-Bm3Qr25_.js                   18.61 kB Γöé gzip:   3.10 kB
dist/assets/material-theme-darker-2IIEA8gg.js            18.62 kB Γöé gzip:   3.10 kB
dist/assets/material-theme-ocean-CHQ94UKr.js             18.62 kB Γöé gzip:   3.12 kB
dist/assets/material-theme-lighter-uhdI0v04.js           18.63 kB Γöé gzip:   3.10 kB
dist/assets/material-theme-palenight-B5W6OYN7.js         18.63 kB Γöé gzip:   3.11 kB
dist/assets/gdscript-Cp2uCuqX.js                         18.98 kB Γöé gzip:   3.75 kB
dist/assets/groovy-CacY0gHj.js                           19.17 kB Γöé gzip:   3.59 kB
dist/assets/mdc-B_uQHOlt.js                              19.54 kB Γöé gzip:   6.66 kB
dist/assets/ayu-dark-DluEY0Gj.js                         20.07 kB Γöé gzip:   3.93 kB
dist/assets/ayu-mirage-Bqwy1Gya.js                       20.08 kB Γöé gzip:   3.91 kB
dist/assets/glimmer-js-OEO36pDk.js                       20.08 kB Γöé gzip:   2.93 kB
dist/assets/glimmer-ts-BnAPyISE.js                       20.08 kB Γöé gzip:   2.93 kB
dist/assets/powershell-DshXNtvi.js                       20.14 kB Γöé gzip:   4.05 kB
dist/assets/ayu-light-C3h-C4tm.js                        20.14 kB Γöé gzip:   3.89 kB
dist/assets/kanban-definition-UXKFOSKX-Bj8GJNUs.js       20.26 kB Γöé gzip:   7.15 kB
dist/assets/viml-DvXPmvsu.js                             20.35 kB Γöé gzip:   6.73 kB
dist/assets/nushell-DcLAeLz5.js                          20.40 kB Γöé gzip:   5.21 kB
dist/assets/snazzy-light-4G7pJPwS.js                     20.77 kB Γöé gzip:   3.80 kB
dist/assets/twig-LIeLXgf5.js                             20.90 kB Γöé gzip:   3.66 kB
dist/assets/dracula-BHWKrbxM.js                          21.06 kB Γöé gzip:   3.99 kB
dist/assets/dracula-soft-5eyTD99u.js                     21.07 kB Γöé gzip:   4.02 kB
dist/assets/wit-DdvCle-K.js                              21.46 kB Γöé gzip:   2.87 kB
dist/assets/rose-pine-BthvhNj6.js                        21.74 kB Γöé gzip:   3.86 kB
dist/assets/rose-pine-moon-hon4tzzS.js                   21.75 kB Γöé gzip:   3.87 kB
dist/assets/rose-pine-dawn-Dg85fqjY.js                   21.75 kB Γöé gzip:   3.88 kB
dist/assets/nim-8PQFL6ZB.js                              22.45 kB Γöé gzip:   3.15 kB
dist/assets/common-lisp-Cv5bFMCO.js                      22.57 kB Γöé gzip:   6.07 kB
dist/assets/surrealql-DIn4NJsS.js                        22.58 kB Γöé gzip:   4.31 kB
dist/assets/gruvbox-dark-hard-C820rvS2.js                22.63 kB Γöé gzip:   4.15 kB
dist/assets/gruvbox-dark-soft-MrdJrrXF.js                22.63 kB Γöé gzip:   4.15 kB
dist/assets/gruvbox-light-hard-BC_s9l72.js               22.63 kB Γöé gzip:   4.16 kB
dist/assets/gruvbox-light-soft-BSMLrYjP.js               22.63 kB Γöé gzip:   4.16 kB
dist/assets/gruvbox-dark-medium-BPjhmG05.js              22.63 kB Γöé gzip:   4.15 kB
dist/assets/gruvbox-light-medium-BAWPOn9u.js             22.63 kB Γöé gzip:   4.16 kB
dist/assets/mindmap-definition-YA3MSWOX-BX8mVNUQ.js      22.72 kB Γöé gzip:   7.63 kB
dist/assets/sankeyDiagram-P5KCCOFB-ChhUMcf9.js           22.79 kB Γöé gzip:   8.25 kB
dist/assets/journeyDiagram-3NMN7TZE-DmIq8hF9.js          23.15 kB Γöé gzip:   8.16 kB
dist/assets/sql-ClgswhA6.js                              23.47 kB Γöé gzip:   7.49 kB
dist/assets/cadence-CQ2zXKGN.js                          23.66 kB Γöé gzip:   3.65 kB
dist/assets/graphlib-DS17s2tU.js                         23.90 kB Γöé gzip:   8.31 kB
dist/assets/typespec-B88KGewJ.js                         24.01 kB Γöé gzip:   2.58 kB
dist/assets/astro-B1Q6BwBx.js                            24.02 kB Γöé gzip:   7.59 kB
dist/assets/apl-cDmXqmZ-.js                              24.02 kB Γöé gzip:   4.16 kB
dist/assets/templ-BREsJpNc.js                            24.06 kB Γöé gzip:   5.41 kB
dist/assets/angular-html-DlZBZkSp.js                     24.24 kB Γöé gzip:   3.99 kB
dist/assets/vhdl-BroJfC0k.js                             24.25 kB Γöé gzip:   3.86 kB
dist/assets/vue-DVSfBueU.js                              24.48 kB Γöé gzip:   2.95 kB
dist/assets/purescript-9MfHhQsQ.js                       24.67 kB Γöé gzip:   3.24 kB
dist/assets/wardleyDiagram-VM6X3IG4-BHOiD0qj.js          25.20 kB Γöé gzip:   6.55 kB
dist/assets/one-light-D7Lr4KcI.js                        25.29 kB Γöé gzip:   3.63 kB
dist/assets/fsharp-D13ZGOAj.js                           25.30 kB Γöé gzip:   4.12 kB
dist/assets/marko-oPGh3KfH.js                            25.48 kB Γöé gzip:   3.59 kB
dist/assets/c3-CnJL0r0V.js                               25.62 kB Γöé gzip:   3.85 kB
dist/assets/night-owl-light-eJ-hLW7d.js                  25.89 kB Γöé gzip:   4.23 kB
dist/assets/system-verilog-DJ5XKQeo.js                   26.19 kB Γöé gzip:   4.82 kB
dist/assets/nord-Cb4Vim4T.js                             26.72 kB Γöé gzip:   4.35 kB
dist/assets/codeql-oeQT6MSM.js                           26.87 kB Γöé gzip:   3.79 kB
dist/assets/rough.esm-Dy-Kn_BL.js                        27.10 kB Γöé gzip:   8.85 kB
dist/assets/scss-DcoSS-ti.js                             27.26 kB Γöé gzip:   4.23 kB
dist/assets/java-DdHNQ9hk.js                             27.28 kB Γöé gzip:   4.31 kB
dist/assets/coffee-CiiSLhB6.js                           27.42 kB Γöé gzip:   6.35 kB
dist/assets/razor-CMVBVp3T.js                            27.45 kB Γöé gzip:   3.54 kB
dist/assets/scala-DKOlJaKm.js                            28.87 kB Γöé gzip:   3.92 kB
dist/assets/night-owl-DhmEMT88.js                        28.91 kB Γöé gzip:   5.14 kB
dist/assets/gitGraphDiagram-WWUBYQGX-DoO0SS6Q.js         29.00 kB Γöé gzip:   8.55 kB
dist/assets/crystal-DDxHDkHz.js                          29.41 kB Γöé gzip:   4.43 kB
dist/assets/mermaid-Bk4SNUv9.js                          29.50 kB Γöé gzip:   3.64 kB
dist/assets/applescript-CCn79oCD.js                      29.56 kB Γöé gzip:   5.94 kB
dist/assets/timeline-definition-24CTP7MA-DLZpQNLp.js     30.36 kB Γöé gzip:   9.97 kB
dist/assets/erDiagram-RLTQ6QDP-BCv3DRCQ.js               30.69 kB Γöé gzip:  10.58 kB
dist/assets/chunk-75Z2AOVW-DwVwQ54-.js                   30.75 kB Γöé gzip:   8.50 kB
dist/assets/julia-CjHxn3vf.js                            30.99 kB Γöé gzip:   4.30 kB
dist/assets/requirementDiagram-BXWQKSXE-B0uWl3XX.js      31.00 kB Γöé gzip:   9.78 kB
dist/assets/stylus-B6D30XZt.js                           31.06 kB Γöé gzip:   8.01 kB
dist/assets/poimandres-DRFjx7u4.js                       33.49 kB Γöé gzip:   5.49 kB
dist/assets/quadrantDiagram-AXDQQJYC-DtNDHJ17.js         33.51 kB Γöé gzip:   9.74 kB
dist/assets/one-dark-pro-CLwyXe_n.js                     33.78 kB Γöé gzip:   5.50 kB
dist/assets/bsl-BkkzgIyY.js                              33.86 kB Γöé gzip:   8.34 kB
dist/assets/haxe-OTjmBuCE.js                             35.15 kB Γöé gzip:   5.90 kB
dist/assets/nginx-BTMw9COX.js                            35.35 kB Γöé gzip:   4.45 kB
dist/assets/houston-CsvMBhTu.js                          35.41 kB Γöé gzip:   5.76 kB
dist/assets/tokyo-night-oM2G3aXe.js                      35.66 kB Γöé gzip:   6.22 kB
dist/assets/chunk-OSK3NFVY-DuoAqKWQ.js                   36.46 kB Γöé gzip:   7.96 kB
dist/assets/dagre-PrKaheQc.js                            36.85 kB Γöé gzip:  13.22 kB
dist/assets/erlang-Cphh6RMH.js                           37.47 kB Γöé gzip:   4.36 kB
dist/assets/chunk-IMKFNOWR-DmTpaXW6.js                   37.64 kB Γöé gzip:  12.27 kB
dist/assets/cobol-BsV-839J.js                            39.09 kB Γöé gzip:  10.89 kB
dist/assets/asm-Cmm7eHzH.js                              40.71 kB Γöé gzip:   8.16 kB
dist/assets/vennDiagram-4TSXK5OY-CHMIJ8SD.js             41.15 kB Γöé gzip:  15.11 kB
dist/assets/blockDiagram-I7D4REHJ-BRv8gHZw.js            41.44 kB Γöé gzip:  13.36 kB
dist/assets/haskell-D8IpX4py.js                          41.48 kB Γöé gzip:   6.41 kB
dist/assets/shellscript-Da78Ox-3.js                      41.54 kB Γöé gzip:   6.13 kB
dist/assets/perl-Vf0i0hAx.js                             43.14 kB Γöé gzip:   4.64 kB
dist/assets/d-qD-0Kul2.js                                43.78 kB Γöé gzip:   8.43 kB
dist/assets/xychartDiagram-S5SC5T6Z-D3Ye6zRR.js          44.14 kB Γöé gzip:  12.21 kB
dist/assets/src-B6xuSHsQ.js                              45.68 kB Γöé gzip:  16.00 kB
dist/assets/ruby-Dp6Zud9H.js                             45.83 kB Γöé gzip:   5.55 kB
dist/assets/go-BJwz_mda.js                               46.80 kB Γöé gzip:   5.15 kB
dist/assets/apex-CGTLDQj6.js                             46.97 kB Γöé gzip:   6.72 kB
dist/assets/catppuccin-mocha-DYhrFGRu.js                 47.25 kB Γöé gzip:   7.98 kB
dist/assets/catppuccin-latte-DwIHMF0Q.js                 47.25 kB Γöé gzip:   7.98 kB
dist/assets/catppuccin-frappe-3VR1Za6u.js                47.25 kB Γöé gzip:   7.99 kB
dist/assets/catppuccin-macchiato-DYnBP6_5.js             47.26 kB Γöé gzip:   7.99 kB
dist/assets/ada-C5qYipkI.js                              48.07 kB Γöé gzip:   5.96 kB
dist/assets/chunk-TICWLB2K-CSWBlsDu.js                   48.78 kB Γöé gzip:  15.75 kB
dist/assets/css-LjpOdHib.js                              49.08 kB Γöé gzip:  11.95 kB
dist/assets/imba-DsUTQ-LC.js                             49.92 kB Γöé gzip:   9.47 kB
dist/assets/chunk-GMAD6QVW-Bkbr5B41.js                   51.84 kB Γöé gzip:  16.68 kB
dist/assets/everforest-dark-sB-x3p7T.js                  53.74 kB Γöé gzip:   8.37 kB
dist/assets/everforest-light-Df2xbC6M.js                 53.74 kB Γöé gzip:   8.36 kB
dist/assets/wikitext-ClFFjSW2.js                         55.87 kB Γöé gzip:   4.81 kB
dist/assets/stata-RoaAgbqU.js                            56.99 kB Γöé gzip:  12.39 kB
dist/assets/html-B2lrdnWr.js                             57.32 kB Γöé gzip:  11.78 kB
dist/assets/ballerina-B7ZEbQpA.js                        58.68 kB Γöé gzip:   8.10 kB
dist/assets/markdown-BYOwaDjH.js                         59.32 kB Γöé gzip:   5.66 kB
dist/assets/chunk-SHT3W25Y-DqVhroP7.js                   61.20 kB Γöé gzip:  19.82 kB
dist/assets/ocaml-O90oeIOV.js                            62.44 kB Γöé gzip:   5.04 kB
dist/assets/c4Diagram-7LVT6UL2-Dopl8Wbc.js               64.74 kB Γöé gzip:  18.53 kB
dist/assets/ganttDiagram-EL5Y4UJY-TO62uG-g.js            69.35 kB Γöé gzip:  22.74 kB
dist/assets/mojo-BgCJLMeH.js                             69.79 kB Γöé gzip:   9.21 kB
dist/assets/python-gzcpVVnB.js                           69.94 kB Γöé gzip:   9.09 kB
dist/assets/c-iCihek07.js                                72.17 kB Γöé gzip:  10.55 kB
dist/assets/latex-D9bvcAJr.js                            72.61 kB Γöé gzip:   6.68 kB
dist/assets/vyper-CgoNMtux.js                            74.64 kB Γöé gzip:  10.69 kB
dist/assets/hack-D_mkkoLd.js                             80.18 kB Γöé gzip:  26.27 kB
dist/assets/cose-bilkent-JH36ORCC-om8AY0Mc.js            81.26 kB Γöé gzip:  21.55 kB
dist/assets/swift-DonLKvLd.js                            86.68 kB Γöé gzip:  14.69 kB
dist/assets/fortran-free-form-CYNrtFtB.js                88.96 kB Γöé gzip:  11.18 kB
dist/assets/csharp-Ct8U2NOr.js                           89.68 kB Γöé gzip:  10.64 kB
dist/assets/racket-DcIDlBhZ.js                           92.38 kB Γöé gzip:  15.07 kB
dist/assets/mermaid.core-DpcXFEPs.js                     94.42 kB Γöé gzip:  32.58 kB
dist/assets/less-DVTAwKKz.js                             97.62 kB Γöé gzip:  14.84 kB
dist/assets/chunk-4HAMMTFA-CKKwcHFO.js                  104.85 kB Γöé gzip:  25.62 kB
dist/assets/blade-Xpu-LGTm.js                           104.97 kB Γöé gzip:  28.29 kB
dist/assets/objective-c-D1A_Heim.js                     105.40 kB Γöé gzip:  23.63 kB
dist/assets/php-am1OsKhm.js                             111.05 kB Γöé gzip:  28.64 kB
dist/assets/swimlanes-42K2YHIH-Db6LDdvC.js              111.16 kB Γöé gzip:  38.02 kB
dist/assets/sequenceDiagram-WJ2MYXX4-3UQifQeA.js        115.74 kB Γöé gzip:  30.58 kB
dist/assets/asciidoc-DE70LPWp.js                        131.52 kB Γöé gzip:   9.31 kB
dist/assets/mdx-DQZ5AkYe.js                             136.10 kB Γöé gzip:  23.54 kB
dist/assets/architectureDiagram-5GKGNRK7-CqQ6pdV2.js    148.91 kB Γöé gzip:  41.13 kB
dist/assets/objective-cpp-BsSzOQcm.js                   171.96 kB Γöé gzip:  30.98 kB
dist/assets/javascript-obGGvMPs.js                      174.89 kB Γöé gzip:  16.68 kB
dist/assets/tsx-CUOciP0b.js                             175.60 kB Γöé gzip:  16.68 kB
dist/assets/jsx-gTgmArGx.js                             177.85 kB Γöé gzip:  16.77 kB
dist/assets/typescript-BydbNFcO.js                      181.14 kB Γöé gzip:  16.29 kB
dist/assets/angular-ts-BVPGOT0K.js                      183.73 kB Γöé gzip:  16.78 kB
dist/assets/vue-vine-pWqEcBkW.js                        190.05 kB Γöé gzip:  18.07 kB
dist/assets/code-block-IT6T5CEO-CsJKwI_i.js             207.50 kB Γöé gzip:  67.25 kB
dist/assets/chunk-DU6HZSFF-tJBMPZVn.js                  235.70 kB Γöé gzip:  38.33 kB
dist/assets/wolfram-DLL8P-h_.js                         262.38 kB Γöé gzip:  77.63 kB
dist/assets/cytoscape.esm-CGd-uY3x.js                   434.92 kB Γöé gzip: 137.81 kB
dist/assets/wasm-BnjxR4X6.js                            622.32 kB Γöé gzip: 232.09 kB
dist/assets/cpp-DjoE5qBx.js                             626.13 kB Γöé gzip:  48.10 kB
dist/assets/chunk-FOHPRMQF-DHwB1DNv.js                  662.12 kB Γöé gzip: 143.15 kB
dist/assets/emacs-lisp-C9PiwqqW.js                      779.84 kB Γöé gzip: 197.53 kB
dist/assets/dist-TUkC5dr4.js                            926.78 kB Γöé gzip: 208.41 kB
dist/assets/index-BBI7CPGR.js                         1,877.37 kB Γöé gzip: 548.14 kB

[32mΓ£ô built in 4.28s[39m
[33m[plugin builtin:vite-reporter] 
(!) Some chunks are larger than 500 kB after minification. Consider:
- Using dynamic import() to code-split the application
- Use build.rolldownOptions.output.codeSplitting to improve chunking: 
https://rolldown.rs/reference/OutputOptions.codeSplitting
- Adjust chunk size limit for this warning via build.chunkSizeWarningLimit.[39m
